C:\Users\anama\Uni\Semester 2\Compulsory Assignments\Ticket.GUI-main\src\main\java\com\moviemanagerexam\ticketgui\be\Event.java
C:\Users\anama\Uni\Semester 2\Compulsory Assignments\Ticket.GUI-main\src\main\java\com\moviemanagerexam\ticketgui\be\Ticket.java
C:\Users\anama\Uni\Semester 2\Compulsory Assignments\Ticket.GUI-main\src\main\java\com\moviemanagerexam\ticketgui\be\User.java
C:\Users\anama\Uni\Semester 2\Compulsory Assignments\Ticket.GUI-main\src\main\java\com\moviemanagerexam\ticketgui\be\Voucher.java
C:\Users\anama\Uni\Semester 2\Compulsory Assignments\Ticket.GUI-main\src\main\java\com\moviemanagerexam\ticketgui\bll\BLLFacade.java
C:\Users\anama\Uni\Semester 2\Compulsory Assignments\Ticket.GUI-main\src\main\java\com\moviemanagerexam\ticketgui\bll\TicketLogic.java
C:\Users\anama\Uni\Semester 2\Compulsory Assignments\Ticket.GUI-main\src\main\java\com\moviemanagerexam\ticketgui\dal\database\EventDAO.java
C:\Users\anama\Uni\Semester 2\Compulsory Assignments\Ticket.GUI-main\src\main\java\com\moviemanagerexam\ticketgui\dal\database\UserDAO.java
C:\Users\anama\Uni\Semester 2\Compulsory Assignments\Ticket.GUI-main\src\main\java\com\moviemanagerexam\ticketgui\dal\DBConnector.java
C:\Users\anama\Uni\Semester 2\Compulsory Assignments\Ticket.GUI-main\src\main\java\com\moviemanagerexam\ticketgui\dal\IEventDAO.java
C:\Users\anama\Uni\Semester 2\Compulsory Assignments\Ticket.GUI-main\src\main\java\com\moviemanagerexam\ticketgui\dal\IUserDAO.java
C:\Users\anama\Uni\Semester 2\Compulsory Assignments\Ticket.GUI-main\src\main\java\com\moviemanagerexam\ticketgui\dal\mock\MockEventDAO.java
C:\Users\anama\Uni\Semester 2\Compulsory Assignments\Ticket.GUI-main\src\main\java\com\moviemanagerexam\ticketgui\dal\mock\MockUserDAO.java
C:\Users\anama\Uni\Semester 2\Compulsory Assignments\Ticket.GUI-main\src\main\java\com\moviemanagerexam\ticketgui\gui\controller\LoginController.java
C:\Users\anama\Uni\Semester 2\Compulsory Assignments\Ticket.GUI-main\src\main\java\com\moviemanagerexam\ticketgui\HelloApplication.java
C:\Users\anama\Uni\Semester 2\Compulsory Assignments\Ticket.GUI-main\src\main\java\com\moviemanagerexam\ticketgui\HelloController.java
C:\Users\anama\Uni\Semester 2\Compulsory Assignments\Ticket.GUI-main\src\main\java\com\moviemanagerexam\ticketgui\Launcher.java
C:\Users\anama\Uni\Semester 2\Compulsory Assignments\Ticket.GUI-main\src\main\java\com\moviemanagerexam\ticketgui\MainController.java
C:\Users\anama\Uni\Semester 2\Compulsory Assignments\Ticket.GUI-main\src\main\java\com\moviemanagerexam\ticketgui\TicketSystemApp.java
C:\Users\anama\Uni\Semester 2\Compulsory Assignments\Ticket.GUI-main\src\main\java\module-info.java
